 • Building package ellama (from github:s-kostyaev/ellama)...
Updating /mnt/store/melpa/working/ellama/
Checking out 205190aac333d032243ab63aff235444d726bf57
Copying files (->) and directories (=>)
  from /mnt/store/melpa/working/ellama/
  to /tmp/ellamaNRbaNL/ellama-20260215.2332
    ellama-blueprint.el -> ellama-blueprint.el
    ellama-community-prompts.el -> ellama-community-prompts.el
    ellama-context.el -> ellama-context.el
    ellama-manual.el -> ellama-manual.el
    ellama-skills.el -> ellama-skills.el
    ellama-tools.el -> ellama-tools.el
    ellama-transient.el -> ellama-transient.el
    ellama.el -> ellama.el
    ellama.info -> ellama.info
    doclicense.texi -> doclicense.texi
Generating doclicense.info
Created ellama-20260215.2332.tar containing:
  ellama-20260215.2332/
  ellama-20260215.2332/dir
  ellama-20260215.2332/doclicense.info
  ellama-20260215.2332/ellama-blueprint.el
  ellama-20260215.2332/ellama-community-prompts.el
  ellama-20260215.2332/ellama-context.el
  ellama-20260215.2332/ellama-manual.el
  ellama-20260215.2332/ellama-pkg.el
  ellama-20260215.2332/ellama-skills.el
  ellama-20260215.2332/ellama-tools.el
  ellama-20260215.2332/ellama-transient.el
  ellama-20260215.2332/ellama.el
  ellama-20260215.2332/ellama.info
 ✓ Success:
  2026-02-15T23:18:46+0000  ellama-20260215.2106.entry
  2026-02-15T23:18:46+0000  ellama-20260215.2106.tar
  2026-02-16T01:31:35+0000  ellama-20260215.2332.entry
  2026-02-16T01:31:35+0000  ellama-20260215.2332.tar
Built ellama in 7.092s, finished at 2026-02-16T01:31:36+0000
