 • Building package ocaml-eglot (from github:tarides/ocaml-eglot)...
Updating /mnt/store/melpa/working/ocaml-eglot/
Checking out 5ab62926555d073018e89f6d96c2310c5801d218
Copying files (->) and directories (=>)
  from /mnt/store/melpa/working/ocaml-eglot/
  to /tmp/ocaml-eglot-72PoGQ/ocaml-eglot-20260226.1707
    ocaml-eglot-objinfo.el -> ocaml-eglot-objinfo.el
    ocaml-eglot-req.el -> ocaml-eglot-req.el
    ocaml-eglot-type-enclosing.el -> ocaml-eglot-type-enclosing.el
    ocaml-eglot-util.el -> ocaml-eglot-util.el
    ocaml-eglot-xref.el -> ocaml-eglot-xref.el
    ocaml-eglot.el -> ocaml-eglot.el
Created ocaml-eglot-20260226.1707.tar containing:
  ocaml-eglot-20260226.1707/
  ocaml-eglot-20260226.1707/ocaml-eglot-objinfo.el
  ocaml-eglot-20260226.1707/ocaml-eglot-pkg.el
  ocaml-eglot-20260226.1707/ocaml-eglot-req.el
  ocaml-eglot-20260226.1707/ocaml-eglot-type-enclosing.el
  ocaml-eglot-20260226.1707/ocaml-eglot-util.el
  ocaml-eglot-20260226.1707/ocaml-eglot-xref.el
  ocaml-eglot-20260226.1707/ocaml-eglot.el
 ✓ Success:
  2026-03-02T00:53:05+0000  ocaml-eglot-20260226.1707.entry
  2026-03-02T00:53:05+0000  ocaml-eglot-20260226.1707.tar
Built ocaml-eglot in 3.894s, finished at 2026-03-02T00:53:06+0000
