 • Building package ox-tufte (from github:ox-tufte/ox-tufte)...
Updating /mnt/store/melpa/working/ox-tufte/
Checking out 03e6c9e5e0ee467516139ed6b3f2b4bb13f847ec
Copying files (->) and directories (=>)
  from /mnt/store/melpa/working/ox-tufte/
  to /tmp/ox-tufteiXW3OH/ox-tufte-20240919.1332
    ox-tufte-autoloads.el -> ox-tufte-autoloads.el
    ox-tufte.el -> ox-tufte.el
    src => src
Created ox-tufte-20240919.1332.tar containing:
  ox-tufte-20240919.1332/
  ox-tufte-20240919.1332/ox-tufte-autoloads.el
  ox-tufte-20240919.1332/ox-tufte-pkg.el
  ox-tufte-20240919.1332/ox-tufte.el
  ox-tufte-20240919.1332/src/
  ox-tufte-20240919.1332/src/README.org
  ox-tufte-20240919.1332/src/ox-tufte-experimental.css
  ox-tufte-20240919.1332/src/ox-tufte.css
 ✓ Success:
  2026-02-09T01:02:35+0000  ox-tufte-20240919.1332.entry
  2026-02-09T01:02:35+0000  ox-tufte-20240919.1332.tar
Built ox-tufte in 2.722s, finished at 2026-02-09T01:02:36+0000
