 • Building package acp (from github:xenodium/acp.el)...
Updating /mnt/store/melpa/working/acp/
Checking out b9bc89948bb1242e613b8ed5d271c88c00e2ef4a
Copying files (->) and directories (=>)
  from /mnt/store/melpa/working/acp/
  to /tmp/acpjkNBE2/acp-20260215.2309
    acp-fakes.el -> acp-fakes.el
    acp-traffic.el -> acp-traffic.el
    acp.el -> acp.el
Created acp-20260215.2309.tar containing:
  acp-20260215.2309/
  acp-20260215.2309/acp-fakes.el
  acp-20260215.2309/acp-pkg.el
  acp-20260215.2309/acp-traffic.el
  acp-20260215.2309/acp.el
 ✓ Success:
  2026-02-15T23:02:57+0000  acp-20260213.1849.entry
  2026-02-15T23:02:57+0000  acp-20260213.1849.tar
  2026-02-16T01:15:50+0000  acp-20260215.2309.entry
  2026-02-16T01:15:50+0000  acp-20260215.2309.tar
Built acp in 3.042s, finished at 2026-02-16T01:15:50+0000
