 • Building package blue (from codeberg:lapislazuli/blue.el)...
Updating /mnt/store/melpa/working/blue/
Checking out 7dff262de973445c846e1223b5808240c8bf458d
Copying files (->) and directories (=>)
  from /mnt/store/melpa/working/blue/
  to /tmp/blueiKxXMX/blue-20260125.1652
    blue-complete.el -> blue-complete.el
    blue-replay.el -> blue-replay.el
    blue-run.el -> blue-run.el
    blue-transient.el -> blue-transient.el
    blue.el -> blue.el
Created blue-20260125.1652.tar containing:
  blue-20260125.1652/
  blue-20260125.1652/blue-complete.el
  blue-20260125.1652/blue-pkg.el
  blue-20260125.1652/blue-replay.el
  blue-20260125.1652/blue-run.el
  blue-20260125.1652/blue-transient.el
  blue-20260125.1652/blue.el
 ✓ Success:
  2026-01-26T01:39:53+0000  blue-20260125.1652.entry
  2026-01-26T01:39:53+0000  blue-20260125.1652.tar
Built blue in 5.494s, finished at 2026-01-26T01:39:54+0000
