 • Building package ellama (from github:s-kostyaev/ellama)...
Updating /mnt/store/melpa/working/ellama/
Checking out 9f7742b191ef240f733c058b440b56c2ffba738a
Copying files (->) and directories (=>)
  from /mnt/store/melpa/working/ellama/
  to /tmp/ellamapYZmez/ellama-20260105.38
    ellama-blueprint.el -> ellama-blueprint.el
    ellama-community-prompts.el -> ellama-community-prompts.el
    ellama-context.el -> ellama-context.el
    ellama-manual.el -> ellama-manual.el
    ellama-tools.el -> ellama-tools.el
    ellama-transient.el -> ellama-transient.el
    ellama.el -> ellama.el
    ellama.info -> ellama.info
    doclicense.texi -> doclicense.texi
Generating doclicense.info
Created ellama-20260105.38.tar containing:
  ellama-20260105.38/
  ellama-20260105.38/dir
  ellama-20260105.38/doclicense.info
  ellama-20260105.38/ellama-blueprint.el
  ellama-20260105.38/ellama-community-prompts.el
  ellama-20260105.38/ellama-context.el
  ellama-20260105.38/ellama-manual.el
  ellama-20260105.38/ellama-pkg.el
  ellama-20260105.38/ellama-tools.el
  ellama-20260105.38/ellama-transient.el
  ellama-20260105.38/ellama.el
  ellama-20260105.38/ellama.info
 ✓ Success:
  2026-01-04T22:41:01+0000  ellama-20260103.2232.entry
  2026-01-04T22:41:00+0000  ellama-20260103.2232.tar
  2026-01-05T01:21:34+0000  ellama-20260105.38.entry
  2026-01-05T01:21:34+0000  ellama-20260105.38.tar
Built ellama in 6.742s, finished at 2026-01-05T01:21:35+0000
