 • Building package ergoemacs-mode (from github:ergoemacs/ergoemacs-mode)...
Updating /mnt/store/melpa/working/ergoemacs-mode/
Checking out 3c9081fe83f70cf791abc98d6b9184f8ea7fb714
Copying files (->) and directories (=>)
  from /mnt/store/melpa/working/ergoemacs-mode/
  to /tmp/ergoemacs-modeK8HOgk/ergoemacs-mode-20240809.2246
    ergoemacs-advice.el -> ergoemacs-advice.el
    ergoemacs-calculate-bindings.el -> ergoemacs-calculate-bindings.el
    ergoemacs-command-loop.el -> ergoemacs-command-loop.el
    ergoemacs-cua.el -> ergoemacs-cua.el
    ergoemacs-debug.el -> ergoemacs-debug.el
    ergoemacs-functions.el -> ergoemacs-functions.el
    ergoemacs-key-description.el -> ergoemacs-key-description.el
    ergoemacs-layouts.el -> ergoemacs-layouts.el
    ergoemacs-lib.el -> ergoemacs-lib.el
    ergoemacs-macros.el -> ergoemacs-macros.el
    ergoemacs-map-properties.el -> ergoemacs-map-properties.el
    ergoemacs-map.el -> ergoemacs-map.el
    ergoemacs-mapkeymap.el -> ergoemacs-mapkeymap.el
    ergoemacs-mode.el -> ergoemacs-mode.el
    ergoemacs-test.el -> ergoemacs-test.el
    ergoemacs-theme-engine.el -> ergoemacs-theme-engine.el
    ergoemacs-themes.el -> ergoemacs-themes.el
    ergoemacs-translate.el -> ergoemacs-translate.el
    kbd-ergo.svg -> kbd-ergo.svg
    kbd.svg -> kbd.svg
    ahk-us.ahk -> ahk-us.ahk
    os_x_qwerty.dict.txt -> os_x_qwerty.dict.txt
