 • Building package lobsters (from github:tanrax/lobsters.el)...
Updating /mnt/store/melpa/working/lobsters/
Checking out 58f91e5adc9660a54a3f6eb1cd49fbbeb2229b74
Copying files (->) and directories (=>)
  from /mnt/store/melpa/working/lobsters/
  to /tmp/lobsters-ReW3Fv/lobsters-20251217.1458
    lobsters-feed.el -> lobsters-feed.el
    lobsters-ui.el -> lobsters-ui.el
    lobsters-variables.el -> lobsters-variables.el
    lobsters.el -> lobsters.el
Created lobsters-20251217.1458.tar containing:
  lobsters-20251217.1458/
  lobsters-20251217.1458/lobsters-feed.el
  lobsters-20251217.1458/lobsters-pkg.el
  lobsters-20251217.1458/lobsters-ui.el
  lobsters-20251217.1458/lobsters-variables.el
  lobsters-20251217.1458/lobsters.el
 ✓ Success:
  2026-02-23T01:17:37+0000  lobsters-20251217.1458.entry
  2026-02-23T01:17:37+0000  lobsters-20251217.1458.tar
Built lobsters in 3.417s, finished at 2026-02-23T01:17:38+0000
